DEBUG:fortls.constants:REQUEST 1 initialize
INFO:fortls.constants:fortls - Fortran Language Server 3.2.2 Initialized
DEBUG:fortls.constants:SEND {
  "jsonrpc":"2.0",
  "method":"window/showMessage",
  "params":{
    "type":3,
    "message":"fortls initialization complete"
  }
}
INFO:fortls.constants:fortls initialization complete
DEBUG:fortls.constants:SEND {
  "jsonrpc":"2.0",
  "id":1,
  "result":{
    "capabilities":{
      "completionProvider":{
        "resolveProvider":false,
        "triggerCharacters":[
          "%"
        ]
      },
      "definitionProvider":true,
      "documentSymbolProvider":true,
      "referencesProvider":true,
      "hoverProvider":true,
      "implementationProvider":true,
      "renameProvider":true,
      "workspaceSymbolProvider":true,
      "textDocumentSync":2,
      "signatureHelpProvider":{
        "triggerCharacters":[
          "(",
          ","
        ]
      }
    }
  }
}
DEBUG:fortls.constants:SEND {
  "jsonrpc":"2.0",
  "method":"window/showMessage",
  "params":{
    "type":3,
    "message":"fortls debugging enabled"
  }
}
INFO:fortls.constants:fortls debugging enabled
DEBUG:fortls.constants:RECV {
  "method":"initialized",
  "jsonrpc":"2.0",
  "params":{}
}
DEBUG:fortls.constants:REQUEST None initialized
DEBUG:fortls.constants:RECV {
  "method":"textDocument/didOpen",
  "jsonrpc":"2.0",
  "params":{
    "textDocument":{
      "uri":"file:///home/lidesia/Documents/CUDenver/RAShip/gitRepos/myLapackFork/SRC/dgeqrt3.f",
      "languageId":"fortran",
      "text":"*> \\brief \\b DGEQRT3 recursively computes a QR factorization of a general real or complex matrix using the compact WY representation of Q.\n*\n*  =========== DOCUMENTATION ===========\n*\n* Online html documentation available at\n*            http://www.netlib.org/lapack/explore-html/\n*\n*> Download DGEQRT3 + dependencies\n*> <a href=\"http://www.netlib.org/cgi-bin/netlibfiles.tgz?format=tgz&filename=/lapack/lapack_routine/dgeqrt3.f\">\n*> [TGZ]</a>\n*> <a href=\"http://www.netlib.org/cgi-bin/netlibfiles.zip?format=zip&filename=/lapack/lapack_routine/dgeqrt3.f\">\n*> [ZIP]</a>\n*> <a href=\"http://www.netlib.org/cgi-bin/netlibfiles.txt?format=txt&filename=/lapack/lapack_routine/dgeqrt3.f\">\n*> [TXT]</a>\n*\n*  Definition:\n*  ===========\n*\n*       RECURSIVE SUBROUTINE DGEQRT3( M, N, A, LDA, T, LDT, INFO )\n*\n*       .. Scalar Arguments ..\n*       INTEGER   INFO, LDA, M, N, LDT\n*       ..\n*       .. Array Arguments ..\n*       DOUBLE PRECISION   A( LDA, * ), T( LDT, * )\n*       ..\n*\n*\n*> \\par Purpose:\n*  =============\n*>\n*> \\verbatim\n*>\n*> DGEQRT3 recursively computes a QR factorization of a real M-by-N\n*> matrix A, using the compact WY representation of Q.\n*>\n*> Based on the algorithm of Elmroth and Gustavson,\n*> IBM J. Res. Develop. Vol 44 No. 4 July 2000.\n*> \\endverbatim\n*\n*  Arguments:\n*  ==========\n*\n*> \\param[in] M\n*> \\verbatim\n*>          M is INTEGER\n*>          The number of rows of the matrix A.  M >= N.\n*> \\endverbatim\n*>\n*> \\param[in] N\n*> \\verbatim\n*>          N is INTEGER\n*>          The number of columns of the matrix A.  N >= 0.\n*> \\endverbatim\n*>\n*> \\param[in,out] A\n*> \\verbatim\n*>          A is DOUBLE PRECISION array, dimension (LDA,N)\n*>          On entry, the real M-by-N matrix A.  On exit, the elements on and\n*>          above the diagonal contain the N-by-N upper triangular matrix R; the\n*>          elements below the diagonal are the columns of V.  See below for\n*>          further details.\n*> \\endverbatim\n*>\n*> \\param[in] LDA\n*> \\verbatim\n*>          LDA is INTEGER\n*>          The leading dimension of the array A.  LDA >= max(1,M).\n*> \\endverbatim\n*>\n*> \\param[out] T\n*> \\verbatim\n*>          T is DOUBLE PRECISION array, dimension (LDT,N)\n*>          The N-by-N upper triangular factor of the block reflector.\n*>          The elements on and above the diagonal contain the block\n*>          reflector T; the elements below the diagonal are not used.\n*>          See below for further details.\n*> \\endverbatim\n*>\n*> \\param[in] LDT\n*> \\verbatim\n*>          LDT is INTEGER\n*>          The leading dimension of the array T.  LDT >= max(1,N).\n*> \\endverbatim\n*>\n*> \\param[out] INFO\n*> \\verbatim\n*>          INFO is INTEGER\n*>          = 0: successful exit\n*>          < 0: if INFO = -i, the i-th argument had an illegal value\n*> \\endverbatim\n*\n*  Authors:\n*  ========\n*\n*> \\author Univ. of Tennessee\n*> \\author Univ. of California Berkeley\n*> \\author Univ. of Colorado Denver\n*> \\author NAG Ltd.\n*\n*> \\ingroup geqrt3\n*\n*> \\par Further Details:\n*  =====================\n*>\n*> \\verbatim\n*>\n*>  The matrix V stores the elementary reflectors H(i) in the i-th column\n*>  below the diagonal. For example, if M=5 and N=3, the matrix V is\n*>\n*>               V = (  1       )\n*>                   ( v1  1    )\n*>                   ( v1 v2  1 )\n*>                   ( v1 v2 v3 )\n*>                   ( v1 v2 v3 )\n*>\n*>  where the vi's represent the vectors which define H(i), which are returned\n*>  in the matrix A.  The 1's along the diagonal of V are not stored in A.  The\n*>  block reflector H is then given by\n*>\n*>               H = I - V * T * V**T\n*>\n*>  where V**T is the transpose of V.\n*>\n*>  For details of the algorithm, see Elmroth and Gustavson (cited above).\n*> \\endverbatim\n*>\n*  =====================================================================\n      RECURSIVE SUBROUTINE DGEQRT3( M, N, A, LDA, T, LDT, INFO )\n      IMPLICIT NONE\n*\n*  -- LAPACK computational routine --\n*  -- LAPACK is a software package provided by Univ. of Tennessee,    --\n*  -- Univ. of California Berkeley, Univ. of Colorado Denver and NAG Ltd..--\n*\n*     .. Scalar Arguments ..\n      INTEGER   INFO, LDA, M, N, LDT\n*     ..\n*     .. Array Arguments ..\n      DOUBLE PRECISION   A( LDA, * ), T( LDT, * )\n*     ..\n*\n*  =====================================================================\n*\n*     .. Parameters ..\n      DOUBLE PRECISION   ONE\n      PARAMETER ( ONE = 1.0D+00 )\n*     ..\n*     .. Local Scalars ..\n      INTEGER   I, I1, J, J1, N1, N2, IINFO\n*     ..\n*     .. External Subroutines ..\n*     ..\n*     .. Executable Statements ..\n*\n      INFO = 0\n      IF( N .LT. 0 ) THEN\n         INFO = -2\n      ELSE IF( M .LT. N ) THEN\n         INFO = -1\n      ELSE IF( LDA .LT. MAX( 1, M ) ) THEN\n         INFO = -4\n      ELSE IF( LDT .LT. MAX( 1, N ) ) THEN\n         INFO = -6\n      END IF\n      IF( INFO.NE.0 ) THEN\n         CALL XERBLA( 'DGEQRT3', -INFO )\n         RETURN\n      END IF\n*\n      IF( N.EQ.1 ) THEN\n*\n*        Compute Householder transform when N=1\n*\n         CALL DLARFG( M, A(1,1), A( MIN( 2, M ), 1 ), 1, T(1,1) )\n*\n      ELSE\n*\n*        Otherwise, split A into blocks...\n*\n         N1 = N/2\n         N2 = N-N1\n         J1 = MIN( N1+1, N )\n         I1 = MIN( N+1, M )\n*\n*        Compute A(1:M,1:N1) <- (Y1,R1,T1), where Q1 = I - Y1 T1 Y1^H\n*\n         CALL DGEQRT3( M, N1, A, LDA, T, LDT, IINFO )\n*\n*        Compute A(1:M,J1:N) = Q1^H A(1:M,J1:N) [workspace: T(1:N1,J1:N)]\n*\n         DO J=1,N2\n            DO I=1,N1\n               T( I, J+N1 ) = A( I, J+N1 )\n            END DO\n         END DO\n         CALL DTRMM( 'L', 'L', 'T', 'U', N1, N2, ONE,\n     &               A, LDA, T( 1, J1 ), LDT )\n*\n         CALL DGEMM( 'T', 'N', N1, N2, M-N1, ONE, A( J1, 1 ), LDA,\n     &               A( J1, J1 ), LDA, ONE, T( 1, J1 ), LDT)\n*\n         CALL DTRMM( 'L', 'U', 'T', 'N', N1, N2, ONE,\n     &               T, LDT, T( 1, J1 ), LDT )\n*\n         CALL DGEMM( 'N', 'N', M-N1, N2, N1, -ONE, A( J1, 1 ), LDA,\n     &               T( 1, J1 ), LDT, ONE, A( J1, J1 ), LDA )\n*\n         CALL DTRMM( 'L', 'L', 'N', 'U', N1, N2, ONE,\n     &               A, LDA, T( 1, J1 ), LDT )\n*\n         DO J=1,N2\n            DO I=1,N1\n               A( I, J+N1 ) = A( I, J+N1 ) - T( I, J+N1 )\n            END DO\n         END DO\n*\n*        Compute A(J1:M,J1:N) <- (Y2,R2,T2) where Q2 = I - Y2 T2 Y2^H\n*\n         CALL DGEQRT3( M-N1, N2, A( J1, J1 ), LDA,\n     &                T( J1, J1 ), LDT, IINFO )\n*\n*        Compute T3 = T(1:N1,J1:N) = -T1 Y1^H Y2 T2\n*\n         DO I=1,N1\n            DO J=1,N2\n               T( I, J+N1 ) = (A( J+N1, I ))\n            END DO\n         END DO\n*\n         CALL DTRMM( 'R', 'L', 'N', 'U', N1, N2, ONE,\n     &               A( J1, J1 ), LDA, T( 1, J1 ), LDT )\n*\n         CALL DGEMM( 'T', 'N', N1, N2, M-N, ONE, A( I1, 1 ), LDA,\n     &               A( I1, J1 ), LDA, ONE, T( 1, J1 ), LDT )\n*\n         CALL DTRMM( 'L', 'U', 'N', 'N', N1, N2, -ONE, T, LDT,\n     &               T( 1, J1 ), LDT )\n*\n         CALL DTRMM( 'R', 'U', 'N', 'N', N1, N2, ONE,\n     &               T( J1, J1 ), LDT, T( 1, J1 ), LDT )\n*\n*        Y = (Y1,Y2); R = [ R1  A(1:N1,J1:N) ];  T = [T1 T3]\n*                         [  0        R2     ]       [ 0 T2]\n*\n      END IF\n*\n      RETURN\n*\n*     End of DGEQRT3\n*\n      END\n",
      "version":0
    }
  }
}
DEBUG:fortls.constants:REQUEST None textDocument/didOpen
DEBUG:fortls.constants:SEND {
  "jsonrpc":"2.0",
  "method":"textDocument/publishDiagnostics",
  "params":{
    "uri":"file:///home/lidesia/Documents/CUDenver/RAShip/gitRepos/myLapackFork/SRC/dgeqrt3.f",
    "diagnostics":[]
  }
}
DEBUG:fortls.constants:RECV {
  "jsonrpc":"2.0",
  "method":"textDocument/definition",
  "id":2,
  "params":{
    "textDocument":{
      "uri":"file:///home/lidesia/Documents/CUDenver/RAShip/gitRepos/myLapackFork/SRC/dgeqrt3.f"
    },
    "position":{
      "character":15,
      "line":174
    }
  }
}
DEBUG:fortls.constants:REQUEST 2 textDocument/definition
DEBUG:fortls.constants:SEND {
  "jsonrpc":"2.0",
  "id":2,
  "result":{
    "uri":"file:///home/lidesia/Documents/CUDenver/RAShip/gitRepos/myLapackFork/SRC/dlarfg.f",
    "range":{
      "start":{
        "line":102,
        "character":17
      },
      "end":{
        "line":102,
        "character":23
      }
    }
  }
}
DEBUG:fortls.constants:RECV {
  "method":"textDocument/didOpen",
  "jsonrpc":"2.0",
  "params":{
    "textDocument":{
      "uri":"file:///home/lidesia/Documents/CUDenver/RAShip/gitRepos/myLapackFork/SRC/dlarfg.f",
      "languageId":"fortran",
      "text":"*> \\brief \\b DLARFG generates an elementary reflector (Householder matrix).\n*\n*  =========== DOCUMENTATION ===========\n*\n* Online html documentation available at\n*            http://www.netlib.org/lapack/explore-html/\n*\n*> Download DLARFG + dependencies\n*> <a href=\"http://www.netlib.org/cgi-bin/netlibfiles.tgz?format=tgz&filename=/lapack/lapack_routine/dlarfg.f\">\n*> [TGZ]</a>\n*> <a href=\"http://www.netlib.org/cgi-bin/netlibfiles.zip?format=zip&filename=/lapack/lapack_routine/dlarfg.f\">\n*> [ZIP]</a>\n*> <a href=\"http://www.netlib.org/cgi-bin/netlibfiles.txt?format=txt&filename=/lapack/lapack_routine/dlarfg.f\">\n*> [TXT]</a>\n*\n*  Definition:\n*  ===========\n*\n*       SUBROUTINE DLARFG( N, ALPHA, X, INCX, TAU )\n*\n*       .. Scalar Arguments ..\n*       INTEGER            INCX, N\n*       DOUBLE PRECISION   ALPHA, TAU\n*       ..\n*       .. Array Arguments ..\n*       DOUBLE PRECISION   X( * )\n*       ..\n*\n*\n*> \\par Purpose:\n*  =============\n*>\n*> \\verbatim\n*>\n*> DLARFG generates a real elementary reflector H of order n, such\n*> that\n*>\n*>       H * ( alpha ) = ( beta ),   H**T * H = I.\n*>           (   x   )   (   0  )\n*>\n*> where alpha and beta are scalars, and x is an (n-1)-element real\n*> vector. H is represented in the form\n*>\n*>       H = I - tau * ( 1 ) * ( 1 v**T ) ,\n*>                     ( v )\n*>\n*> where tau is a real scalar and v is a real (n-1)-element\n*> vector.\n*>\n*> If the elements of x are all zero, then tau = 0 and H is taken to be\n*> the unit matrix.\n*>\n*> Otherwise  1 <= tau <= 2.\n*> \\endverbatim\n*\n*  Arguments:\n*  ==========\n*\n*> \\param[in] N\n*> \\verbatim\n*>          N is INTEGER\n*>          The order of the elementary reflector.\n*> \\endverbatim\n*>\n*> \\param[in,out] ALPHA\n*> \\verbatim\n*>          ALPHA is DOUBLE PRECISION\n*>          On entry, the value alpha.\n*>          On exit, it is overwritten with the value beta.\n*> \\endverbatim\n*>\n*> \\param[in,out] X\n*> \\verbatim\n*>          X is DOUBLE PRECISION array, dimension\n*>                         (1+(N-2)*abs(INCX))\n*>          On entry, the vector x.\n*>          On exit, it is overwritten with the vector v.\n*> \\endverbatim\n*>\n*> \\param[in] INCX\n*> \\verbatim\n*>          INCX is INTEGER\n*>          The increment between elements of X. INCX > 0.\n*> \\endverbatim\n*>\n*> \\param[out] TAU\n*> \\verbatim\n*>          TAU is DOUBLE PRECISION\n*>          The value tau.\n*> \\endverbatim\n*\n*  Authors:\n*  ========\n*\n*> \\author Univ. of Tennessee\n*> \\author Univ. of California Berkeley\n*> \\author Univ. of Colorado Denver\n*> \\author NAG Ltd.\n*\n*> \\ingroup larfg\n*\n*  =====================================================================\n      SUBROUTINE DLARFG( N, ALPHA, X, INCX, TAU )\n      IMPLICIT NONE\n*\n*  -- LAPACK auxiliary routine --\n*  -- LAPACK is a software package provided by Univ. of Tennessee,    --\n*  -- Univ. of California Berkeley, Univ. of Colorado Denver and NAG Ltd..--\n*\n*     .. Scalar Arguments ..\n      INTEGER            INCX, N\n      DOUBLE PRECISION   ALPHA, TAU\n*     ..\n*     .. Array Arguments ..\n      DOUBLE PRECISION   X( * )\n*     ..\n*\n*  =====================================================================\n*\n*     .. Parameters ..\n      DOUBLE PRECISION   ONE, ZERO\n      PARAMETER          ( ONE = 1.0D+0, ZERO = 0.0D+0 )\n*     ..\n*     .. Local Scalars ..\n      INTEGER            J, KNT\n      DOUBLE PRECISION   BETA, RSAFMN, SAFMIN, XNORM\n*     ..\n*     .. External Functions ..\n      DOUBLE PRECISION   DLAMCH, DLAPY2, DNRM2\n      EXTERNAL           DLAMCH, DLAPY2, DNRM2\n*     ..\n*     .. Intrinsic Functions ..\n      INTRINSIC          ABS, SIGN\n*     ..\n*     .. External Subroutines ..\n      EXTERNAL           DSCAL\n*     ..\n*     .. Executable Statements ..\n*\n      IF( N.LE.1 ) THEN\n         TAU = ZERO\n         RETURN\n      END IF\n*\n      XNORM = DNRM2( N-1, X, INCX )\n*\n      IF( XNORM.EQ.ZERO ) THEN\n*\n*        H  =  I\n*\n         TAU = ZERO\n      ELSE\n*\n*        general case\n*\n         BETA = -SIGN( DLAPY2( ALPHA, XNORM ), ALPHA )\n         SAFMIN = DLAMCH( 'S' ) / DLAMCH( 'E' )\n         KNT = 0\n         IF( ABS( BETA ).LT.SAFMIN ) THEN\n*\n*           XNORM, BETA may be inaccurate; scale X and recompute them\n*\n            RSAFMN = ONE / SAFMIN\n   10       CONTINUE\n            KNT = KNT + 1\n            CALL DSCAL( N-1, RSAFMN, X, INCX )\n            BETA = BETA*RSAFMN\n            ALPHA = ALPHA*RSAFMN\n            IF( (ABS( BETA ).LT.SAFMIN) .AND. (KNT .LT. 20) )\n     $         GO TO 10\n*\n*           New BETA is at most 1, at least SAFMIN\n*\n            XNORM = DNRM2( N-1, X, INCX )\n            BETA = -SIGN( DLAPY2( ALPHA, XNORM ), ALPHA )\n         END IF\n         TAU = ( BETA-ALPHA ) / BETA\n         CALL DSCAL( N-1, ONE / ( ALPHA-BETA ), X, INCX )\n*\n*        If ALPHA is subnormal, it may lose relative accuracy\n*\n         DO 20 J = 1, KNT\n            BETA = BETA*SAFMIN\n 20      CONTINUE\n         ALPHA = BETA\n      END IF\n*\n      RETURN\n*\n*     End of DLARFG\n*\n      END\n",
      "version":0
    }
  }
}
DEBUG:fortls.constants:REQUEST None textDocument/didOpen
DEBUG:fortls.constants:SEND {
  "jsonrpc":"2.0",
  "method":"textDocument/publishDiagnostics",
  "params":{
    "uri":"file:///home/lidesia/Documents/CUDenver/RAShip/gitRepos/myLapackFork/SRC/dlarfg.f",
    "diagnostics":[]
  }
}
DEBUG:fortls.constants:RECV {
  "jsonrpc":"2.0",
  "method":"shutdown",
  "id":3
}
DEBUG:fortls.constants:REQUEST 3 shutdown
DEBUG:fortls.constants:SEND {
  "jsonrpc":"2.0",
  "id":3,
  "result":null
}
DEBUG:fortls.constants:RECV {
  "method":"exit",
  "jsonrpc":"2.0"
}
DEBUG:fortls.constants:REQUEST None exit
